[2025-10-04 21:39:21] [INFO] Starting PowerShell module updates.
[2025-10-04 21:39:21] [INFO] Retrieving installed modules.
[2025-10-04 21:39:22] [INFO] PowerShell module updates completed.
[2025-10-04 21:41:04] [INFO] Starting update script.
[2025-10-04 21:41:04] [WARN] Dry run mode enabled. No changes will be made.
[2025-10-04 21:41:08] [INFO] Starting update script.
[2025-10-04 21:41:08] [INFO] Starting PowerShell module updates.
[2025-10-04 21:41:08] [INFO] Retrieving installed modules.
[2025-10-04 21:41:09] [INFO] PowerShell module updates completed.
[2025-10-04 21:42:57] [INFO] Starting update script.
[2025-10-04 21:42:57] [WARN] Dry run mode enabled. No changes will be made.
[2025-10-04 21:43:01] [INFO] Starting update script.
[2025-10-04 21:43:01] [INFO] Starting PowerShell module updates.
[2025-10-04 21:43:01] [INFO] Retrieving installed modules.
[2025-10-04 21:43:02] [INFO] PowerShell module updates completed.
[2025-10-04 21:43:36] [INFO] Starting update script.
[2025-10-04 21:43:36] [WARN] Dry run mode enabled. No changes will be made.
[2025-10-04 21:43:40] [INFO] Starting update script.
[2025-10-04 21:43:40] [INFO] Starting PowerShell module updates.
[2025-10-04 21:43:40] [INFO] Retrieving installed modules.
[2025-10-04 21:43:42] [INFO] PowerShell module updates completed.
[2025-10-04 21:43:50] [INFO] Starting WSL updates.
[2025-10-04 21:43:50] [INFO] Updating WSL kernel.
[2025-10-04 21:43:50] [DEBUG] Executing: wsl --update --web-download
[2025-10-04 21:43:51] [INFO] Command succeeded: wsl --update --web-download
[2025-10-04 21:43:51] [INFO] Shutting down WSL.
[2025-10-04 21:43:51] [DEBUG] Executing: wsl --shutdown
[2025-10-04 21:43:51] [INFO] Command succeeded: wsl --shutdown
[2025-10-04 21:43:51] [INFO] Attempting to update packages in default WSL distro.
[2025-10-04 21:43:51] [INFO] Checking for passwordless sudo access.
[2025-10-04 21:43:51] [DEBUG] Executing: wsl.exe sudo -n apt-get --just-print update
[2025-10-04 21:43:57] [ERROR] Command failed (attempt 1): wsl.exe sudo -n apt-get --just-print update. Error: 
[2025-10-04 21:43:57] [ERROR] Package update failed due to sudo configuration.
[2025-10-04 21:44:31] [INFO] Starting WSL updates.
[2025-10-04 21:44:31] [INFO] Updating WSL kernel.
[2025-10-04 21:44:31] [DEBUG] Executing: wsl --update --web-download
[2025-10-04 21:44:31] [INFO] Command succeeded: wsl --update --web-download
[2025-10-04 21:44:31] [INFO] Shutting down WSL.
[2025-10-04 21:44:31] [DEBUG] Executing: wsl --shutdown
[2025-10-04 21:44:32] [INFO] Command succeeded: wsl --shutdown
[2025-10-04 21:44:32] [INFO] Attempting to update packages in default WSL distro.
[2025-10-04 21:44:32] [INFO] Checking for passwordless sudo access.
[2025-10-04 21:44:32] [DEBUG] Executing: wsl.exe sudo -n apt-get --just-print update
[2025-10-04 21:44:37] [ERROR] Command failed (attempt 1): wsl.exe sudo -n apt-get --just-print update. Error: 
[2025-10-04 21:44:37] [ERROR] Package update failed due to sudo configuration.
[2025-10-04 21:44:54] [INFO] Starting update script.
[2025-10-04 21:44:54] [WARN] Dry run mode enabled. No changes will be made.
[2025-10-04 21:45:15] [INFO] Starting update script.
[2025-10-04 21:45:15] [WARN] Dry run mode enabled. No changes will be made.
[2025-10-04 21:45:41] [INFO] Starting update script.
[2025-10-04 21:45:41] [WARN] Dry run mode enabled. No changes will be made.
[2025-10-04 21:45:44] [INFO] Starting update script.
[2025-10-04 21:45:44] [WARN] Dry run mode enabled. No changes will be made.
[2025-10-04 21:45:44] [INFO] Skipping PowerShell Module updates.
[2025-10-04 21:45:44] [INFO] Starting WSL updates.
[2025-10-04 21:45:44] [INFO] Updating WSL kernel.
[2025-10-04 21:45:44] [INFO] DRY RUN: Would execute: wsl --update --web-download
[2025-10-04 21:45:44] [INFO] Shutting down WSL.
[2025-10-04 21:45:44] [INFO] DRY RUN: Would execute: wsl --shutdown
[2025-10-04 21:45:44] [INFO] Attempting to update packages in default WSL distro.
[2025-10-04 21:45:44] [INFO] Checking for passwordless sudo access.
[2025-10-04 21:45:44] [INFO] DRY RUN: Would execute: wsl.exe sudo -n apt-get --just-print update
[2025-10-04 21:45:44] [INFO] Passwordless sudo confirmed.
[2025-10-04 21:45:44] [INFO] Running apt-get update.
[2025-10-04 21:45:44] [INFO] DRY RUN: Would execute: wsl.exe sudo apt-get update
[2025-10-04 21:45:44] [INFO] Running apt-get upgrade.
[2025-10-04 21:45:44] [INFO] DRY RUN: Would execute: wsl.exe sudo apt-get upgrade -y
[2025-10-04 21:45:44] [INFO] Successfully updated packages in WSL.
[2025-10-04 21:47:17] [INFO] Starting update script.
[2025-10-04 21:47:17] [WARN] Dry run mode enabled. No changes will be made.
[2025-10-04 21:47:20] [INFO] Starting update script.
[2025-10-04 21:47:20] [WARN] Dry run mode enabled. No changes will be made.
[2025-10-04 21:47:20] [INFO] Starting PowerShell module updates.
[2025-10-04 21:47:20] [INFO] Retrieving installed modules.
[2025-10-04 21:47:22] [INFO] PowerShell module updates completed.
[2025-10-04 21:48:09] [INFO] Starting WSL updates.
[2025-10-04 21:48:09] [INFO] Skipping WSL kernel update as requested.
[2025-10-04 21:48:09] [INFO] Attempting to update packages in default WSL distro.
[2025-10-04 21:48:09] [INFO] Checking for passwordless sudo access.
[2025-10-04 21:48:09] [INFO] DRY RUN: Would execute: wsl.exe sudo -n apt-get --just-print update
[2025-10-04 21:48:09] [INFO] Passwordless sudo confirmed.
[2025-10-04 21:48:09] [INFO] Running apt-get update.
[2025-10-04 21:48:09] [INFO] DRY RUN: Would execute: wsl.exe sudo apt-get update
[2025-10-04 21:48:09] [INFO] Running apt-get upgrade.
[2025-10-04 21:48:09] [INFO] DRY RUN: Would execute: wsl.exe sudo apt-get upgrade -y
[2025-10-04 21:48:09] [INFO] Successfully updated packages in WSL.
[2025-10-04 21:48:36] [INFO] Starting update script.
[2025-10-04 21:48:36] [WARN] Dry run mode enabled. No changes will be made.
[2025-10-04 21:48:39] [INFO] Starting update script.
[2025-10-04 21:48:39] [WARN] Dry run mode enabled. No changes will be made.
[2025-10-04 21:48:39] [INFO] Skipping PowerShell Module updates.
[2025-10-04 21:49:09] [INFO] Starting WSL updates.
[2025-10-04 21:49:09] [INFO] Skipping WSL kernel update as requested.
[2025-10-04 21:49:09] [INFO] Attempting to update packages in default WSL distro.
[2025-10-04 21:49:09] [INFO] Checking for passwordless sudo access.
[2025-10-04 21:49:09] [INFO] DRY RUN: Would execute: wsl.exe sudo -n apt-get --just-print update
[2025-10-04 21:49:09] [INFO] Passwordless sudo confirmed.
[2025-10-04 21:49:09] [INFO] Running apt-get update.
[2025-10-04 21:49:09] [INFO] DRY RUN: Would execute: wsl.exe sudo apt-get update
[2025-10-04 21:49:09] [INFO] Running apt-get upgrade.
[2025-10-04 21:49:09] [INFO] DRY RUN: Would execute: wsl.exe sudo apt-get upgrade -y
[2025-10-04 21:49:09] [INFO] Successfully updated packages in WSL.
[2025-10-07 13:30:23] [INFO] Starting update script.
[2025-10-07 13:30:26] [INFO] Starting update script.
[2025-10-07 13:30:32] [INFO] Starting update script.
[2025-10-07 13:30:32] [WARN] Dry run mode enabled. No changes will be made.
[2025-10-07 13:30:32] [INFO] Skipping PowerShell Modules updates.
[2025-10-07 13:30:32] [INFO] Skipping Scoop and its packages updates.
[2025-10-07 13:32:04] [INFO] Starting update script.
[2025-10-07 13:32:07] [INFO] Starting update script.
[2025-10-07 13:32:07] [INFO] Skipping PowerShell Modules updates.
[2025-10-07 13:32:07] [INFO] Skipping Scoop and its packages updates.
[2025-10-07 13:33:23] [INFO] Starting WSL updates.
[2025-10-07 13:33:23] [INFO] Updating WSL kernel.
[2025-10-07 13:33:23] [DEBUG] Executing: wsl --update --web-download
[2025-10-07 13:33:23] [INFO] Command succeeded: wsl --update --web-download
[2025-10-07 13:33:23] [INFO] Shutting down WSL.
[2025-10-07 13:33:23] [DEBUG] Executing: wsl --shutdown
[2025-10-07 13:33:23] [INFO] Command succeeded: wsl --shutdown
[2025-10-07 13:35:31] [INFO] Starting update script.
[2025-10-07 13:35:35] [INFO] Skipping WSL updates.
[2025-10-07 13:35:35] [INFO] Starting update script.
[2025-10-07 13:35:35] [INFO] Starting PowerShell Modules updates.
[2025-10-07 13:35:35] [INFO] Retrieving installed modules.
[2025-10-07 13:35:37] [INFO] PowerShell Modules updates completed.
[2025-10-07 13:35:37] [INFO] Starting Scoop and its packages updates.
[2025-10-07 13:35:51] [INFO] Scoop and its packages updates completed.
[2025-10-07 13:36:28] [INFO] Starting WSL updates.
[2025-10-07 13:36:28] [INFO] Updating WSL kernel.
[2025-10-07 13:36:28] [DEBUG] Executing: wsl --update --web-download
[2025-10-07 13:36:28] [INFO] Command succeeded: wsl --update --web-download
[2025-10-07 13:36:28] [INFO] Shutting down WSL.
[2025-10-07 13:36:28] [DEBUG] Executing: wsl --shutdown
[2025-10-07 13:36:28] [INFO] Command succeeded: wsl --shutdown
[2025-10-07 13:37:16] [INFO] Starting update script.
[2025-10-07 13:37:20] [INFO] Starting update script.
[2025-10-07 13:37:20] [INFO] Starting PowerShell Modules updates.
[2025-10-07 13:37:20] [INFO] Retrieving installed modules.
[2025-10-07 13:37:21] [INFO] PowerShell Modules updates completed.
[2025-10-07 13:37:21] [INFO] Starting Scoop and its packages updates.
[2025-10-07 13:37:26] [INFO] Scoop and its packages updates completed.
[2025-10-07 13:38:15] [INFO] Starting WSL updates.
[2025-10-07 13:38:15] [INFO] Updating WSL kernel.
[2025-10-07 13:38:15] [DEBUG] Executing: wsl --update --web-download
[2025-10-07 13:38:16] [INFO] Command succeeded: wsl --update --web-download
[2025-10-07 13:38:16] [INFO] Shutting down WSL.
[2025-10-07 13:38:16] [DEBUG] Executing: wsl --shutdown
[2025-10-07 13:38:16] [INFO] Command succeeded: wsl --shutdown
[2025-10-08 19:15:29] [INFO] Starting PowerShell Modules updates.
[2025-10-08 19:15:29] [INFO] Retrieving installed modules.
[2025-10-08 19:15:33] [INFO] PowerShell Modules updates completed.
[2025-10-08 19:15:34] [INFO] Starting Scoop and its packages updates.
[2025-10-08 19:16:16] [INFO] Scoop and its packages updates completed.
[2025-10-08 19:29:43] [INFO] Starting WSL updates.
[2025-10-08 19:29:43] [INFO] Updating WSL kernel.
[2025-10-08 19:29:43] [DEBUG] Executing: wsl --update --web-download
[2025-10-08 19:29:43] [INFO] Command succeeded: wsl --update --web-download
[2025-10-08 19:29:43] [INFO] Shutting down WSL.
[2025-10-08 19:29:43] [DEBUG] Executing: wsl --shutdown
[2025-10-08 19:29:43] [INFO] Command succeeded: wsl --shutdown
[2025-10-10 13:34:08] [INFO] Starting PowerShell Modules updates.
[2025-10-10 13:34:08] [INFO] Retrieving installed modules.
[2025-10-10 13:34:11] [INFO] PowerShell Modules updates completed.
[2025-10-10 13:34:11] [INFO] Starting Scoop and its packages updates.
[2025-10-10 13:34:33] [INFO] Scoop and its packages updates completed.
[2025-10-10 13:51:40] [INFO] Starting WSL updates.
[2025-10-10 13:51:40] [INFO] Updating WSL kernel.
[2025-10-10 13:51:40] [DEBUG] Executing: wsl --update --web-download
[2025-10-10 13:51:41] [INFO] Command succeeded: wsl --update --web-download
[2025-10-10 13:51:41] [INFO] Shutting down WSL.
[2025-10-10 13:51:41] [DEBUG] Executing: wsl --shutdown
[2025-10-10 13:51:41] [INFO] Command succeeded: wsl --shutdown
[2025-10-11 19:16:38] [INFO] Starting PowerShell Modules updates.
[2025-10-11 19:16:38] [INFO] Retrieving installed modules.
[2025-10-11 19:16:40] [INFO] PowerShell Modules updates completed.
[2025-10-11 19:16:40] [INFO] Starting Scoop and its packages updates.
[2025-10-11 19:16:57] [INFO] Scoop and its packages updates completed.
[2025-10-11 19:28:32] [INFO] Starting WSL updates.
[2025-10-11 19:28:32] [INFO] Updating WSL kernel.
[2025-10-11 19:28:32] [DEBUG] Executing: wsl --update --web-download
[2025-10-11 19:28:32] [INFO] Command succeeded: wsl --update --web-download
[2025-10-11 19:28:32] [INFO] Shutting down WSL.
[2025-10-11 19:28:32] [DEBUG] Executing: wsl --shutdown
[2025-10-11 19:28:32] [INFO] Command succeeded: wsl --shutdown
[2025-10-13 15:40:06] [INFO] Starting PowerShell Modules updates.
[2025-10-13 15:40:06] [INFO] Retrieving installed modules.
[2025-10-13 15:40:07] [INFO] PowerShell Modules updates completed.
[2025-10-13 15:40:07] [INFO] Starting Scoop and its packages updates.
[2025-10-13 15:40:23] [INFO] Scoop and its packages updates completed.
[2025-10-13 15:46:26] [INFO] Starting WSL updates.
[2025-10-13 15:46:26] [INFO] Updating WSL kernel.
[2025-10-13 15:46:26] [DEBUG] Executing: wsl --update --web-download
[2025-10-13 15:46:26] [INFO] Command succeeded: wsl --update --web-download
[2025-10-13 15:46:26] [INFO] Shutting down WSL.
[2025-10-13 15:46:26] [DEBUG] Executing: wsl --shutdown
[2025-10-13 15:46:26] [INFO] Command succeeded: wsl --shutdown
[2025-10-14 13:20:31] [INFO] Starting PowerShell Modules updates.
[2025-10-14 13:20:31] [INFO] Retrieving installed modules.
[2025-10-14 13:20:33] [INFO] PowerShell Modules updates completed.
[2025-10-14 13:20:33] [INFO] Starting Scoop and its packages updates.
[2025-10-14 13:20:54] [INFO] Scoop and its packages updates completed.
[2025-10-14 13:37:11] [INFO] Starting WSL updates.
[2025-10-14 13:37:11] [INFO] Updating WSL kernel.
[2025-10-14 13:37:11] [DEBUG] Executing: wsl --update --web-download
[2025-10-14 13:37:11] [INFO] Command succeeded: wsl --update --web-download
[2025-10-14 13:37:11] [INFO] Shutting down WSL.
[2025-10-14 13:37:11] [DEBUG] Executing: wsl --shutdown
[2025-10-14 13:37:11] [INFO] Command succeeded: wsl --shutdown
[2025-10-14 13:40:40] [INFO] Starting PowerShell Modules updates.
[2025-10-14 13:40:40] [INFO] Retrieving installed modules.
[2025-10-14 13:40:42] [INFO] PowerShell Modules updates completed.
[2025-10-14 13:40:42] [INFO] Starting Scoop and its packages updates.
[2025-10-14 13:40:55] [INFO] Scoop and its packages updates completed.
[2025-10-14 13:47:43] [INFO] Starting WSL updates.
[2025-10-14 13:47:43] [INFO] Updating WSL kernel.
[2025-10-14 13:47:43] [DEBUG] Executing: wsl --update --web-download
[2025-10-14 13:47:43] [INFO] Command succeeded: wsl --update --web-download
[2025-10-14 13:47:43] [INFO] Shutting down WSL.
[2025-10-14 13:47:43] [DEBUG] Executing: wsl --shutdown
[2025-10-14 13:47:44] [INFO] Command succeeded: wsl --shutdown
[2025-10-15 13:16:42] [INFO] Starting PowerShell Modules updates.
[2025-10-15 13:16:42] [INFO] Retrieving installed modules.
[2025-10-15 13:16:43] [INFO] PowerShell Modules updates completed.
[2025-10-15 13:16:43] [INFO] Starting Scoop and its packages updates.
[2025-10-15 13:16:55] [INFO] Scoop and its packages updates completed.
[2025-10-15 13:30:00] [INFO] Starting WSL updates.
[2025-10-15 13:30:00] [INFO] Updating WSL kernel.
[2025-10-15 13:30:00] [DEBUG] Executing: wsl --update --web-download
[2025-10-15 13:30:01] [INFO] Command succeeded: wsl --update --web-download
[2025-10-15 13:30:01] [INFO] Shutting down WSL.
[2025-10-15 13:30:01] [DEBUG] Executing: wsl --shutdown
[2025-10-15 13:30:01] [INFO] Command succeeded: wsl --shutdown
[2025-10-15 19:49:12] [INFO] Starting PowerShell Modules updates.
[2025-10-15 19:49:12] [INFO] Retrieving installed modules.
[2025-10-15 19:49:17] [INFO] PowerShell Modules updates completed.
[2025-10-15 19:49:17] [INFO] Starting Scoop and its packages updates.
[2025-10-15 19:49:52] [INFO] Scoop and its packages updates completed.
[2025-10-15 19:56:30] [INFO] Starting WSL updates.
[2025-10-15 19:56:30] [INFO] Updating WSL kernel.
[2025-10-15 19:56:30] [DEBUG] Executing: wsl --update --web-download
[2025-10-15 19:56:30] [INFO] Command succeeded: wsl --update --web-download
[2025-10-15 19:56:30] [INFO] Shutting down WSL.
[2025-10-15 19:56:30] [DEBUG] Executing: wsl --shutdown
[2025-10-15 19:56:30] [INFO] Command succeeded: wsl --shutdown
[2025-10-15 19:57:57] [INFO] Starting PowerShell Modules updates.
[2025-10-15 19:57:57] [INFO] Retrieving installed modules.
[2025-10-15 19:57:59] [INFO] PowerShell Modules updates completed.
[2025-10-15 19:57:59] [INFO] Starting Scoop and its packages updates.
[2025-10-15 19:58:05] [INFO] Scoop and its packages updates completed.
[2025-10-15 20:05:10] [INFO] Starting WSL updates.
[2025-10-15 20:05:10] [INFO] Updating WSL kernel.
[2025-10-15 20:05:10] [DEBUG] Executing: wsl --update --web-download
[2025-10-15 20:05:10] [INFO] Command succeeded: wsl --update --web-download
[2025-10-15 20:05:10] [INFO] Shutting down WSL.
[2025-10-15 20:05:10] [DEBUG] Executing: wsl --shutdown
[2025-10-15 20:05:10] [INFO] Command succeeded: wsl --shutdown
[2025-10-16 19:13:54] [INFO] Starting PowerShell Modules updates.
[2025-10-16 19:13:54] [INFO] Retrieving installed modules.
[2025-10-16 19:13:56] [INFO] PowerShell Modules updates completed.
[2025-10-16 19:13:56] [INFO] Starting Scoop and its packages updates.
[2025-10-16 19:14:16] [INFO] Scoop and its packages updates completed.
[2025-10-16 19:24:22] [INFO] Starting WSL updates.
[2025-10-16 19:24:22] [INFO] Updating WSL kernel.
[2025-10-16 19:24:22] [DEBUG] Executing: wsl --update --web-download
[2025-10-16 19:24:22] [INFO] Command succeeded: wsl --update --web-download
[2025-10-16 19:24:22] [INFO] Shutting down WSL.
[2025-10-16 19:24:22] [DEBUG] Executing: wsl --shutdown
[2025-10-16 19:24:22] [INFO] Command succeeded: wsl --shutdown
[2025-10-17 13:54:08] [INFO] Starting PowerShell Modules updates.
[2025-10-17 13:54:08] [INFO] Retrieving installed modules.
[2025-10-17 13:54:11] [INFO] PowerShell Modules updates completed.
[2025-10-17 13:54:11] [INFO] Starting Scoop and its packages updates.
[2025-10-17 13:54:35] [INFO] Scoop and its packages updates completed.
[2025-10-17 14:00:13] [INFO] Starting WSL updates.
[2025-10-17 14:00:13] [INFO] Updating WSL kernel.
[2025-10-17 14:00:13] [DEBUG] Executing: wsl --update --web-download
[2025-10-17 14:00:13] [INFO] Command succeeded: wsl --update --web-download
[2025-10-17 14:00:13] [INFO] Shutting down WSL.
[2025-10-17 14:00:13] [DEBUG] Executing: wsl --shutdown
[2025-10-17 14:00:13] [INFO] Command succeeded: wsl --shutdown
[2025-10-18 09:58:18] [INFO] Starting PowerShell Modules updates.
[2025-10-18 09:58:18] [INFO] Retrieving installed modules.
[2025-10-18 09:58:19] [INFO] PowerShell Modules updates completed.
[2025-10-18 09:58:19] [INFO] Starting Scoop and its packages updates.
[2025-10-18 09:59:03] [INFO] Scoop and its packages updates completed.
[2025-10-18 10:05:02] [INFO] Starting WSL updates.
[2025-10-18 10:05:02] [INFO] Updating WSL kernel.
[2025-10-18 10:05:02] [DEBUG] Executing: wsl --update --web-download
[2025-10-18 10:05:02] [INFO] Command succeeded: wsl --update --web-download
[2025-10-18 10:05:02] [INFO] Shutting down WSL.
[2025-10-18 10:05:02] [DEBUG] Executing: wsl --shutdown
[2025-10-18 10:05:02] [INFO] Command succeeded: wsl --shutdown
[2025-10-20 11:53:11] [INFO] Starting PowerShell Modules updates.
[2025-10-20 11:53:11] [INFO] Retrieving installed modules.
[2025-10-20 11:53:14] [INFO] PowerShell Modules updates completed.
[2025-10-20 11:53:14] [INFO] Starting Scoop and its packages updates.
[2025-10-20 11:53:39] [INFO] Scoop and its packages updates completed.
[2025-10-20 12:13:18] [INFO] Starting WSL updates.
[2025-10-20 12:13:18] [INFO] Updating WSL kernel.
[2025-10-20 12:13:18] [DEBUG] Executing: wsl --update --web-download
[2025-10-20 12:13:19] [INFO] Command succeeded: wsl --update --web-download
[2025-10-20 12:13:19] [INFO] Shutting down WSL.
[2025-10-20 12:13:19] [DEBUG] Executing: wsl --shutdown
[2025-10-20 12:13:19] [INFO] Command succeeded: wsl --shutdown
[2025-10-20 12:14:39] [INFO] Starting PowerShell Modules updates.
[2025-10-20 12:14:39] [INFO] Retrieving installed modules.
[2025-10-20 12:14:40] [INFO] PowerShell Modules updates completed.
[2025-10-20 12:14:40] [INFO] Starting Scoop and its packages updates.
[2025-10-20 12:14:48] [INFO] Scoop and its packages updates completed.
[2025-10-20 12:20:44] [INFO] Starting WSL updates.
[2025-10-20 12:20:44] [INFO] Updating WSL kernel.
[2025-10-20 12:20:44] [DEBUG] Executing: wsl --update --web-download
[2025-10-20 12:20:45] [INFO] Command succeeded: wsl --update --web-download
[2025-10-20 12:20:45] [INFO] Shutting down WSL.
[2025-10-20 12:20:45] [DEBUG] Executing: wsl --shutdown
[2025-10-20 12:20:45] [INFO] Command succeeded: wsl --shutdown
[2025-10-21 16:48:10] [INFO] Starting PowerShell Modules updates.
[2025-10-21 16:48:10] [INFO] Retrieving installed modules.
[2025-10-21 16:48:17] [INFO] PowerShell Modules updates completed.
[2025-10-21 16:48:17] [INFO] Starting Scoop and its packages updates.
[2025-10-21 16:48:58] [INFO] Scoop and its packages updates completed.
[2025-10-21 17:05:47] [INFO] Starting WSL updates.
[2025-10-21 17:05:47] [INFO] Updating WSL kernel.
[2025-10-21 17:05:47] [DEBUG] Executing: wsl --update --web-download
[2025-10-21 17:05:47] [INFO] Command succeeded: wsl --update --web-download
[2025-10-21 17:05:47] [INFO] Shutting down WSL.
[2025-10-21 17:05:48] [DEBUG] Executing: wsl --shutdown
[2025-10-21 17:05:48] [INFO] Command succeeded: wsl --shutdown
[2025-10-22 16:48:16] [INFO] Starting PowerShell Modules updates.
[2025-10-22 16:48:16] [INFO] Retrieving installed modules.
[2025-10-22 16:48:22] [INFO] PowerShell Modules updates completed.
[2025-10-22 16:48:22] [INFO] Starting Scoop and its packages updates.
[2025-10-22 16:48:59] [INFO] Scoop and its packages updates completed.
[2025-10-22 16:55:50] [INFO] Starting WSL updates.
[2025-10-22 16:55:50] [INFO] Updating WSL kernel.
[2025-10-22 16:55:51] [DEBUG] Executing: wsl --update --web-download
[2025-10-22 16:55:51] [INFO] Command succeeded: wsl --update --web-download
[2025-10-22 16:55:51] [INFO] Shutting down WSL.
[2025-10-22 16:55:51] [DEBUG] Executing: wsl --shutdown
[2025-10-22 16:55:51] [INFO] Command succeeded: wsl --shutdown
[2025-10-22 16:58:28] [INFO] Starting PowerShell Modules updates.
[2025-10-22 16:58:28] [INFO] Retrieving installed modules.
[2025-10-22 16:58:33] [INFO] PowerShell Modules updates completed.
[2025-10-22 16:58:33] [INFO] Starting Scoop and its packages updates.
[2025-10-22 16:58:52] [INFO] Scoop and its packages updates completed.
[2025-10-22 16:59:56] [INFO] Starting WSL updates.
[2025-10-22 16:59:56] [INFO] Updating WSL kernel.
[2025-10-22 16:59:56] [DEBUG] Executing: wsl --update --web-download
[2025-10-22 16:59:56] [INFO] Command succeeded: wsl --update --web-download
[2025-10-22 16:59:56] [INFO] Shutting down WSL.
[2025-10-22 16:59:56] [DEBUG] Executing: wsl --shutdown
[2025-10-22 16:59:56] [INFO] Command succeeded: wsl --shutdown
[2025-10-24 11:38:06] [INFO] Starting PowerShell Modules updates.
[2025-10-24 11:38:06] [INFO] Retrieving installed modules.
[2025-10-24 11:38:10] [INFO] PowerShell Modules updates completed.
[2025-10-24 11:38:10] [INFO] Starting Scoop and its packages updates.
[2025-10-24 11:38:54] [INFO] Scoop and its packages updates completed.
[2025-10-24 11:42:35] [INFO] Starting WSL updates.
[2025-10-24 11:42:35] [INFO] Updating WSL kernel.
[2025-10-24 11:42:35] [DEBUG] Executing: wsl --update --web-download
[2025-10-24 11:42:36] [INFO] Command succeeded: wsl --update --web-download
[2025-10-24 11:42:36] [INFO] Shutting down WSL.
[2025-10-24 11:42:36] [DEBUG] Executing: wsl --shutdown
[2025-10-24 11:42:36] [INFO] Command succeeded: wsl --shutdown
[2025-10-25 16:34:01] [INFO] Starting PowerShell Modules updates.
[2025-10-25 16:34:01] [INFO] Retrieving installed modules.
[2025-10-25 16:34:04] [INFO] PowerShell Modules updates completed.
[2025-10-25 16:34:04] [INFO] Starting Scoop and its packages updates.
[2025-10-25 16:34:28] [INFO] Scoop and its packages updates completed.
[2025-10-25 16:56:26] [INFO] Starting WSL updates.
[2025-10-25 16:56:26] [INFO] Updating WSL kernel.
[2025-10-25 16:56:26] [DEBUG] Executing: wsl --update --web-download
[2025-10-25 16:56:27] [INFO] Command succeeded: wsl --update --web-download
[2025-10-25 16:56:27] [INFO] Shutting down WSL.
[2025-10-25 16:56:27] [DEBUG] Executing: wsl --shutdown
[2025-10-25 16:56:27] [INFO] Command succeeded: wsl --shutdown
[2025-10-26 09:36:12] [INFO] Starting PowerShell Modules updates.
[2025-10-26 09:36:12] [INFO] Retrieving installed modules.
[2025-10-26 09:36:16] [INFO] PowerShell Modules updates completed.
[2025-10-26 09:36:16] [INFO] Starting Scoop and its packages updates.
[2025-10-26 09:37:11] [INFO] Scoop and its packages updates completed.
[2025-10-26 10:03:41] [INFO] Starting WSL updates.
[2025-10-26 10:03:41] [INFO] Updating WSL kernel.
[2025-10-26 10:03:41] [DEBUG] Executing: wsl --update --web-download
[2025-10-26 10:03:42] [INFO] Command succeeded: wsl --update --web-download
[2025-10-26 10:03:42] [INFO] Shutting down WSL.
[2025-10-26 10:03:42] [DEBUG] Executing: wsl --shutdown
[2025-10-26 10:03:42] [INFO] Command succeeded: wsl --shutdown
[2025-10-27 14:06:55] [INFO] Starting PowerShell Modules updates.
[2025-10-27 14:06:55] [INFO] Retrieving installed modules.
[2025-10-27 14:06:59] [INFO] PowerShell Modules updates completed.
[2025-10-27 14:06:59] [INFO] Starting Scoop and its packages updates.
[2025-10-27 14:07:22] [INFO] Scoop and its packages updates completed.
[2025-10-27 15:21:09] [INFO] Starting WSL updates.
[2025-10-27 15:21:09] [INFO] Updating WSL kernel.
[2025-10-27 15:21:09] [DEBUG] Executing: wsl --update --web-download
[2025-10-27 15:21:09] [INFO] Command succeeded: wsl --update --web-download
[2025-10-27 15:21:09] [INFO] Shutting down WSL.
[2025-10-27 15:21:09] [DEBUG] Executing: wsl --shutdown
[2025-10-27 15:21:10] [INFO] Command succeeded: wsl --shutdown
[2025-10-28 17:10:34] [INFO] Starting PowerShell Modules updates.
[2025-10-28 17:10:34] [INFO] Retrieving installed modules.
[2025-10-28 17:10:37] [INFO] PowerShell Modules updates completed.
[2025-10-28 17:10:37] [INFO] Starting Scoop and its packages updates.
[2025-10-28 17:11:23] [INFO] Scoop and its packages updates completed.
[2025-10-29 13:46:48] [INFO] Starting PowerShell Modules updates.
[2025-10-29 13:46:48] [INFO] Retrieving installed modules.
[2025-10-29 13:46:56] [INFO] PowerShell Modules updates completed.
[2025-10-29 13:46:56] [INFO] Starting Scoop and its packages updates.
[2025-10-29 13:49:46] [INFO] Scoop and its packages updates completed.
[2025-10-29 14:12:40] [INFO] Starting WSL updates.
[2025-10-29 14:12:40] [INFO] Updating WSL kernel.
[2025-10-29 14:12:40] [DEBUG] Executing: wsl --update --web-download
[2025-10-29 14:12:40] [INFO] Command succeeded: wsl --update --web-download
[2025-10-29 14:12:40] [INFO] Shutting down WSL.
[2025-10-29 14:12:40] [DEBUG] Executing: wsl --shutdown
[2025-10-29 14:12:40] [INFO] Command succeeded: wsl --shutdown
[2025-10-31 12:41:10] [INFO] Starting PowerShell Modules updates.
[2025-10-31 12:41:10] [INFO] Retrieving installed modules.
[2025-10-31 12:41:20] [INFO] PowerShell Modules updates completed.
[2025-10-31 12:41:20] [INFO] Starting Scoop and its packages updates.
[2025-10-31 12:42:24] [INFO] Scoop and its packages updates completed.
[2025-10-31 13:19:10] [INFO] Starting WSL updates.
[2025-10-31 13:19:10] [INFO] Updating WSL kernel.
[2025-10-31 13:19:10] [DEBUG] Executing: wsl --update --web-download
[2025-10-31 13:19:11] [INFO] Command succeeded: wsl --update --web-download
[2025-10-31 13:19:11] [INFO] Shutting down WSL.
[2025-10-31 13:19:11] [DEBUG] Executing: wsl --shutdown
[2025-10-31 13:19:11] [INFO] Command succeeded: wsl --shutdown
[2025-11-02 10:27:27] [INFO] Starting PowerShell Modules updates.
[2025-11-02 10:27:27] [INFO] Retrieving installed modules.
[2025-11-02 10:27:32] [INFO] PowerShell Modules updates completed.
[2025-11-02 10:27:32] [INFO] Starting Scoop and its packages updates.
[2025-11-02 10:27:53] [INFO] Scoop and its packages updates completed.
[2025-11-02 11:08:24] [INFO] Starting WSL updates.
[2025-11-02 11:08:24] [INFO] Updating WSL kernel.
[2025-11-02 11:08:24] [DEBUG] Executing: wsl --update --web-download
[2025-11-02 11:08:24] [INFO] Command succeeded: wsl --update --web-download
[2025-11-02 11:08:24] [INFO] Shutting down WSL.
[2025-11-02 11:08:24] [DEBUG] Executing: wsl --shutdown
[2025-11-02 11:08:24] [INFO] Command succeeded: wsl --shutdown
[2025-11-03 13:23:22] [INFO] Starting PowerShell Modules updates.
[2025-11-03 13:23:22] [INFO] Retrieving installed modules.
[2025-11-03 13:23:29] [INFO] PowerShell Modules updates completed.
[2025-11-03 13:23:29] [INFO] Starting Scoop and its packages updates.
[2025-11-03 13:24:19] [INFO] Scoop and its packages updates completed.
[2025-11-03 13:47:25] [INFO] Starting WSL updates.
[2025-11-03 13:47:25] [INFO] Updating WSL kernel.
[2025-11-03 13:47:25] [DEBUG] Executing: wsl --update --web-download
[2025-11-03 13:47:26] [INFO] Command succeeded: wsl --update --web-download
[2025-11-03 13:47:26] [INFO] Shutting down WSL.
[2025-11-03 13:47:26] [DEBUG] Executing: wsl --shutdown
[2025-11-03 13:47:26] [INFO] Command succeeded: wsl --shutdown
[2025-11-04 15:42:25] [INFO] Starting PowerShell Modules updates.
[2025-11-04 15:42:25] [INFO] Retrieving installed modules.
[2025-11-04 15:42:27] [INFO] PowerShell Modules updates completed.
[2025-11-04 15:42:27] [INFO] Starting Scoop and its packages updates.
[2025-11-04 15:42:51] [INFO] Scoop and its packages updates completed.
[2025-11-04 15:53:28] [INFO] Starting WSL updates.
[2025-11-04 15:53:28] [INFO] Updating WSL kernel.
[2025-11-04 15:53:28] [DEBUG] Executing: wsl --update --web-download
[2025-11-04 15:53:28] [INFO] Command succeeded: wsl --update --web-download
[2025-11-04 15:53:28] [INFO] Shutting down WSL.
[2025-11-04 15:53:28] [DEBUG] Executing: wsl --shutdown
[2025-11-04 15:53:28] [INFO] Command succeeded: wsl --shutdown
[2025-11-07 12:53:10] [INFO] Starting PowerShell Modules updates.
[2025-11-07 12:53:10] [INFO] Retrieving installed modules.
[2025-11-07 12:53:12] [INFO] PowerShell Modules updates completed.
[2025-11-07 12:53:12] [INFO] Starting Scoop and its packages updates.
[2025-11-07 12:53:53] [INFO] Scoop and its packages updates completed.
[2025-11-07 13:25:34] [INFO] Starting WSL updates.
[2025-11-07 13:25:34] [INFO] Updating WSL kernel.
[2025-11-07 13:25:34] [DEBUG] Executing: wsl --update --web-download
[2025-11-07 13:25:35] [INFO] Command succeeded: wsl --update --web-download
[2025-11-07 13:25:35] [INFO] Shutting down WSL.
[2025-11-07 13:25:35] [DEBUG] Executing: wsl --shutdown
[2025-11-07 13:25:35] [INFO] Command succeeded: wsl --shutdown
[2025-11-08 17:12:54] [INFO] Starting PowerShell Modules updates.
[2025-11-08 17:12:54] [INFO] Retrieving installed modules.
[2025-11-08 17:12:56] [INFO] PowerShell Modules updates completed.
[2025-11-08 17:12:56] [INFO] Starting Scoop and its packages updates.
[2025-11-08 17:13:18] [INFO] Scoop and its packages updates completed.
[2025-11-08 17:23:46] [INFO] Starting PowerShell Modules updates.
[2025-11-08 17:23:46] [INFO] Retrieving installed modules.
[2025-11-08 17:23:48] [INFO] PowerShell Modules updates completed.
[2025-11-08 17:23:48] [INFO] Starting Scoop and its packages updates.
[2025-11-08 17:23:59] [INFO] Scoop and its packages updates completed.
[2025-11-08 17:45:15] [INFO] Starting WSL updates.
[2025-11-08 17:45:15] [INFO] Updating WSL kernel.
[2025-11-08 17:45:15] [DEBUG] Executing: wsl --update --web-download
[2025-11-08 17:45:15] [INFO] Command succeeded: wsl --update --web-download
[2025-11-08 17:45:15] [INFO] Shutting down WSL.
[2025-11-08 17:45:15] [DEBUG] Executing: wsl --shutdown
[2025-11-08 17:45:15] [INFO] Command succeeded: wsl --shutdown
[2025-11-11 11:21:28] [INFO] Starting PowerShell Modules updates.
[2025-11-11 11:21:28] [INFO] Retrieving installed modules.
[2025-11-11 11:21:31] [INFO] PowerShell Modules updates completed.
[2025-11-11 11:21:31] [INFO] Starting Scoop and its packages updates.
[2025-11-11 11:23:26] [INFO] Scoop and its packages updates completed.
[2025-11-11 12:21:12] [INFO] Starting WSL updates.
[2025-11-11 12:21:12] [INFO] Updating WSL kernel.
[2025-11-11 12:21:12] [DEBUG] Executing: wsl --update --web-download
[2025-11-11 12:21:13] [INFO] Command succeeded: wsl --update --web-download
[2025-11-11 12:21:13] [INFO] Shutting down WSL.
[2025-11-11 12:21:13] [DEBUG] Executing: wsl --shutdown
[2025-11-11 12:21:13] [INFO] Command succeeded: wsl --shutdown
[2025-11-12 16:26:58] [INFO] Starting PowerShell Modules updates.
[2025-11-12 16:26:58] [INFO] Retrieving installed modules.
[2025-11-12 16:27:05] [INFO] PowerShell Modules updates completed.
[2025-11-12 16:27:05] [INFO] Starting Scoop and its packages updates.
[2025-11-12 16:28:07] [INFO] Scoop and its packages updates completed.
[2025-11-12 17:55:03] [INFO] Starting WSL updates.
[2025-11-12 17:55:03] [INFO] Updating WSL kernel.
[2025-11-12 17:55:03] [DEBUG] Executing: wsl --update --web-download
[2025-11-12 17:55:04] [INFO] Command succeeded: wsl --update --web-download
[2025-11-12 17:55:04] [INFO] Shutting down WSL.
[2025-11-12 17:55:04] [DEBUG] Executing: wsl --shutdown
[2025-11-12 17:55:04] [INFO] Command succeeded: wsl --shutdown
[2025-11-12 20:22:07] [INFO] Starting PowerShell Modules updates.
[2025-11-12 20:22:08] [INFO] Retrieving installed modules.
[2025-11-12 20:22:14] [INFO] PowerShell Modules updates completed.
[2025-11-12 20:22:14] [INFO] Starting Scoop and its packages updates.
[2025-11-12 20:22:50] [INFO] Scoop and its packages updates completed.
[2025-11-12 20:48:57] [INFO] Starting WSL updates.
[2025-11-12 20:48:57] [INFO] Updating WSL kernel.
[2025-11-12 20:48:57] [DEBUG] Executing: wsl --update --web-download
[2025-11-12 20:48:58] [INFO] Command succeeded: wsl --update --web-download
[2025-11-12 20:48:58] [INFO] Shutting down WSL.
[2025-11-12 20:48:58] [DEBUG] Executing: wsl --shutdown
[2025-11-12 20:48:58] [INFO] Command succeeded: wsl --shutdown
[2025-11-13 15:09:00] [INFO] Starting PowerShell Modules updates.
[2025-11-13 15:09:00] [INFO] Retrieving installed modules.
[2025-11-13 15:09:01] [INFO] PowerShell Modules updates completed.
[2025-11-13 15:09:01] [INFO] Starting Scoop and its packages updates.
[2025-11-13 15:09:18] [INFO] Scoop and its packages updates completed.
[2025-11-13 15:28:03] [INFO] Starting WSL updates.
[2025-11-13 15:28:03] [INFO] Updating WSL kernel.
[2025-11-13 15:28:03] [DEBUG] Executing: wsl --update --web-download
[2025-11-13 15:28:04] [INFO] Command succeeded: wsl --update --web-download
[2025-11-13 15:28:04] [INFO] Shutting down WSL.
[2025-11-13 15:28:04] [DEBUG] Executing: wsl --shutdown
[2025-11-13 15:28:04] [INFO] Command succeeded: wsl --shutdown
[2025-11-14 12:59:06] [INFO] Starting PowerShell Modules updates.
[2025-11-14 12:59:06] [INFO] Retrieving installed modules.
[2025-11-14 12:59:14] [INFO] PowerShell Modules updates completed.
[2025-11-14 12:59:14] [INFO] Starting Scoop and its packages updates.
[2025-11-14 13:00:19] [INFO] Scoop and its packages updates completed.
[2025-11-14 13:50:25] [INFO] Starting WSL updates.
[2025-11-14 13:50:25] [INFO] Updating WSL kernel.
[2025-11-14 13:50:25] [DEBUG] Executing: wsl --update --web-download
[2025-11-14 13:50:26] [INFO] Command succeeded: wsl --update --web-download
[2025-11-14 13:50:26] [INFO] Shutting down WSL.
[2025-11-14 13:50:26] [DEBUG] Executing: wsl --shutdown
[2025-11-14 13:50:26] [INFO] Command succeeded: wsl --shutdown
[2025-11-15 15:56:37] [INFO] Starting PowerShell Modules updates.
[2025-11-15 15:56:37] [INFO] Retrieving installed modules.
[2025-11-15 15:56:41] [INFO] PowerShell Modules updates completed.
[2025-11-15 15:56:41] [INFO] Starting Scoop and its packages updates.
[2025-11-15 15:57:06] [INFO] Scoop and its packages updates completed.
[2025-11-15 16:13:46] [INFO] Starting WSL updates.
[2025-11-15 16:13:46] [INFO] Updating WSL kernel.
[2025-11-15 16:13:46] [DEBUG] Executing: wsl --update --web-download
[2025-11-15 16:13:46] [INFO] Command succeeded: wsl --update --web-download
[2025-11-15 16:13:46] [INFO] Shutting down WSL.
[2025-11-15 16:13:46] [DEBUG] Executing: wsl --shutdown
[2025-11-15 16:13:47] [INFO] Command succeeded: wsl --shutdown
[2025-11-16 17:36:34] [INFO] Starting PowerShell Modules updates.
[2025-11-16 17:36:34] [INFO] Retrieving installed modules.
[2025-11-16 17:36:42] [INFO] PowerShell Modules updates completed.
[2025-11-16 17:36:42] [INFO] Starting Scoop and its packages updates.
[2025-11-16 17:37:21] [INFO] Scoop and its packages updates completed.
[2025-11-16 17:58:44] [INFO] Starting WSL updates.
[2025-11-16 17:58:44] [INFO] Updating WSL kernel.
[2025-11-16 17:58:44] [DEBUG] Executing: wsl --update --web-download
[2025-11-16 17:58:45] [INFO] Command succeeded: wsl --update --web-download
[2025-11-16 17:58:45] [INFO] Shutting down WSL.
[2025-11-16 17:58:45] [DEBUG] Executing: wsl --shutdown
[2025-11-16 17:58:45] [INFO] Command succeeded: wsl --shutdown
[2025-11-17 11:23:41] [INFO] Starting PowerShell Modules updates.
[2025-11-17 11:23:41] [INFO] Retrieving installed modules.
[2025-11-17 11:23:48] [INFO] PowerShell Modules updates completed.
[2025-11-17 11:23:48] [INFO] Starting Scoop and its packages updates.
[2025-11-17 11:24:24] [INFO] Scoop and its packages updates completed.
[2025-11-17 12:02:21] [INFO] Starting WSL updates.
[2025-11-17 12:02:21] [INFO] Updating WSL kernel.
[2025-11-17 12:02:21] [DEBUG] Executing: wsl --update --web-download
[2025-11-17 12:02:22] [INFO] Command succeeded: wsl --update --web-download
[2025-11-17 12:02:22] [INFO] Shutting down WSL.
[2025-11-17 12:02:22] [DEBUG] Executing: wsl --shutdown
[2025-11-17 12:02:22] [INFO] Command succeeded: wsl --shutdown
[2025-11-17 12:05:16] [INFO] Starting PowerShell Modules updates.
[2025-11-17 12:05:16] [INFO] Retrieving installed modules.
[2025-11-17 12:05:22] [INFO] PowerShell Modules updates completed.
[2025-11-17 12:05:22] [INFO] Starting Scoop and its packages updates.
[2025-11-17 12:05:44] [INFO] Scoop and its packages updates completed.
[2025-11-17 12:22:48] [INFO] Starting WSL updates.
[2025-11-17 12:22:48] [INFO] Updating WSL kernel.
[2025-11-17 12:22:48] [DEBUG] Executing: wsl --update --web-download
[2025-11-17 12:22:49] [INFO] Command succeeded: wsl --update --web-download
[2025-11-17 12:22:49] [INFO] Shutting down WSL.
[2025-11-17 12:22:49] [DEBUG] Executing: wsl --shutdown
[2025-11-17 12:22:49] [INFO] Command succeeded: wsl --shutdown
[2025-11-18 18:30:20] [INFO] Starting PowerShell Modules updates.
[2025-11-18 18:30:20] [INFO] Retrieving installed modules.
[2025-11-18 18:30:22] [INFO] PowerShell Modules updates completed.
[2025-11-18 18:30:22] [INFO] Starting Scoop and its packages updates.
[2025-11-18 18:31:27] [INFO] Scoop and its packages updates completed.
[2025-11-18 18:43:33] [INFO] Starting WSL updates.
[2025-11-18 18:43:33] [INFO] Updating WSL kernel.
[2025-11-18 18:43:33] [DEBUG] Executing: wsl --update --web-download
[2025-11-18 18:43:34] [INFO] Command succeeded: wsl --update --web-download
[2025-11-18 18:43:34] [INFO] Shutting down WSL.
[2025-11-18 18:43:34] [DEBUG] Executing: wsl --shutdown
[2025-11-18 18:43:34] [INFO] Command succeeded: wsl --shutdown
[2025-11-20 13:54:48] [INFO] Starting PowerShell Modules updates.
[2025-11-20 13:54:49] [INFO] Retrieving installed modules.
[2025-11-20 13:54:59] [INFO] PowerShell Modules updates completed.
[2025-11-20 13:54:59] [INFO] Starting Scoop and its packages updates.
[2025-11-20 13:55:45] [INFO] Scoop and its packages updates completed.
[2025-11-20 14:16:21] [INFO] Starting WSL updates.
[2025-11-20 14:16:21] [INFO] Updating WSL kernel.
[2025-11-20 14:16:21] [DEBUG] Executing: wsl --update --web-download
[2025-11-20 14:16:21] [INFO] Command succeeded: wsl --update --web-download
[2025-11-20 14:16:21] [INFO] Shutting down WSL.
[2025-11-20 14:16:21] [DEBUG] Executing: wsl --shutdown
[2025-11-20 14:16:21] [INFO] Command succeeded: wsl --shutdown
[2025-11-21 18:07:12] [INFO] Starting PowerShell Modules updates.
[2025-11-21 18:07:13] [INFO] Retrieving installed modules.
[2025-11-21 18:07:18] [INFO] PowerShell Modules updates completed.
[2025-11-21 18:07:18] [INFO] Starting Scoop and its packages updates.
[2025-11-21 18:07:54] [INFO] Scoop and its packages updates completed.
[2025-11-21 18:32:39] [INFO] Starting WSL updates.
[2025-11-21 18:32:39] [INFO] Updating WSL kernel.
[2025-11-21 18:32:39] [DEBUG] Executing: wsl --update --web-download
[2025-11-21 18:32:40] [INFO] Command succeeded: wsl --update --web-download
[2025-11-21 18:32:40] [INFO] Shutting down WSL.
[2025-11-21 18:32:40] [DEBUG] Executing: wsl --shutdown
[2025-11-21 18:32:40] [INFO] Command succeeded: wsl --shutdown
[2025-11-24 14:17:22] [INFO] Starting PowerShell Modules updates.
[2025-11-24 14:17:22] [INFO] Retrieving installed modules.
[2025-11-24 14:17:28] [INFO] PowerShell Modules updates completed.
[2025-11-24 14:17:28] [INFO] Starting Scoop and its packages updates.
[2025-11-24 14:18:03] [INFO] Scoop and its packages updates completed.
[2025-11-24 16:25:04] [INFO] Starting WSL updates.
[2025-11-24 16:25:04] [INFO] Updating WSL kernel.
[2025-11-24 16:25:04] [DEBUG] Executing: wsl --update --web-download
[2025-11-24 16:25:04] [INFO] Command succeeded: wsl --update --web-download
[2025-11-24 16:25:04] [INFO] Shutting down WSL.
[2025-11-24 16:25:04] [DEBUG] Executing: wsl --shutdown
[2025-11-24 16:25:04] [INFO] Command succeeded: wsl --shutdown
[2025-11-25 22:21:39] [INFO] Starting PowerShell Modules updates.
[2025-11-25 22:21:39] [INFO] Retrieving installed modules.
[2025-11-25 22:21:41] [INFO] PowerShell Modules updates completed.
[2025-11-25 22:21:41] [INFO] Starting Scoop and its packages updates.
[2025-11-26 14:37:27] [INFO] Starting PowerShell Modules updates.
[2025-11-26 14:37:27] [INFO] Retrieving installed modules.
[2025-11-26 14:37:31] [INFO] PowerShell Modules updates completed.
[2025-11-26 14:37:31] [INFO] Starting Scoop and its packages updates.
[2025-11-26 14:37:44] [INFO] Scoop and its packages updates completed.
[2025-11-26 15:20:04] [INFO] Starting WSL updates.
[2025-11-26 15:20:04] [INFO] Updating WSL kernel.
[2025-11-26 15:20:04] [DEBUG] Executing: wsl --update --web-download
[2025-11-26 15:20:05] [INFO] Command succeeded: wsl --update --web-download
[2025-11-26 15:20:05] [INFO] Shutting down WSL.
[2025-11-26 15:20:05] [DEBUG] Executing: wsl --shutdown
[2025-11-26 15:20:05] [INFO] Command succeeded: wsl --shutdown
[2025-11-28 15:21:57] [INFO] Starting PowerShell Modules updates.
[2025-11-28 15:21:57] [INFO] Retrieving installed modules.
[2025-11-28 15:21:58] [INFO] PowerShell Modules updates completed.
[2025-11-28 15:21:58] [INFO] Starting Scoop and its packages updates.
[2025-11-28 15:22:10] [INFO] Scoop and its packages updates completed.
[2025-11-28 22:38:43] [INFO] Starting PowerShell Modules updates.
[2025-11-28 22:38:43] [INFO] Retrieving installed modules.
[2025-11-28 22:38:45] [INFO] PowerShell Modules updates completed.
[2025-11-28 22:38:45] [INFO] Starting Scoop and its packages updates.
[2025-11-28 22:39:03] [INFO] Scoop and its packages updates completed.
[2025-11-28 22:53:54] [INFO] Starting WSL updates.
[2025-11-28 22:53:54] [INFO] Updating WSL kernel.
[2025-11-28 22:53:54] [DEBUG] Executing: wsl --update --web-download
[2025-11-28 22:53:54] [INFO] Command succeeded: wsl --update --web-download
[2025-11-28 22:53:54] [INFO] Shutting down WSL.
[2025-11-28 22:53:54] [DEBUG] Executing: wsl --shutdown
[2025-11-28 22:53:54] [INFO] Command succeeded: wsl --shutdown
[2025-11-29 16:49:11] [INFO] Starting PowerShell Modules updates.
[2025-11-29 16:49:11] [INFO] Retrieving installed modules.
[2025-11-29 16:49:13] [INFO] PowerShell Modules updates completed.
[2025-11-29 16:49:13] [INFO] Starting Scoop and its packages updates.
[2025-11-29 16:49:26] [INFO] Scoop and its packages updates completed.
[2025-11-29 17:04:22] [INFO] Starting WSL updates.
[2025-11-29 17:04:22] [INFO] Updating WSL kernel.
[2025-11-29 17:04:22] [DEBUG] Executing: wsl --update --web-download
[2025-11-29 17:04:22] [INFO] Command succeeded: wsl --update --web-download
[2025-11-29 17:04:22] [INFO] Shutting down WSL.
[2025-11-29 17:04:22] [DEBUG] Executing: wsl --shutdown
[2025-11-29 17:04:22] [INFO] Command succeeded: wsl --shutdown
[2025-11-30 12:40:26] [INFO] Starting PowerShell Modules updates.
[2025-11-30 12:40:26] [INFO] Retrieving installed modules.
[2025-11-30 12:40:28] [INFO] PowerShell Modules updates completed.
[2025-11-30 12:40:28] [INFO] Starting Scoop and its packages updates.
[2025-11-30 12:40:41] [INFO] Scoop and its packages updates completed.
[2025-11-30 12:48:08] [INFO] Starting WSL updates.
[2025-11-30 12:48:08] [INFO] Updating WSL kernel.
[2025-11-30 12:48:08] [DEBUG] Executing: wsl --update --web-download
[2025-11-30 12:48:08] [INFO] Command succeeded: wsl --update --web-download
[2025-11-30 12:48:08] [INFO] Shutting down WSL.
[2025-11-30 12:48:08] [DEBUG] Executing: wsl --shutdown
[2025-11-30 12:48:09] [INFO] Command succeeded: wsl --shutdown
[2025-12-01 19:57:44] [INFO] Starting PowerShell Modules updates.
[2025-12-01 19:57:44] [INFO] Retrieving installed modules.
[2025-12-04 16:29:47] [INFO] Starting PowerShell Modules updates.
[2025-12-04 16:29:47] [INFO] Retrieving installed modules.
[2025-12-04 16:29:50] [INFO] PowerShell Modules updates completed.
[2025-12-04 16:29:50] [INFO] Starting Scoop and its packages updates.
[2025-12-04 16:30:17] [INFO] Scoop and its packages updates completed.
[2025-12-04 16:49:15] [INFO] Starting WSL updates.
[2025-12-04 16:49:15] [INFO] Updating WSL kernel.
[2025-12-04 16:49:15] [DEBUG] Executing: wsl --update --web-download
[2025-12-04 16:51:38] [INFO] Command succeeded: wsl --update --web-download
[2025-12-04 16:51:38] [INFO] Shutting down WSL.
[2025-12-04 16:51:38] [DEBUG] Executing: wsl --shutdown
[2025-12-04 16:51:39] [INFO] Command succeeded: wsl --shutdown
[2025-12-10 09:52:30] [INFO] Starting PowerShell Modules updates.
[2025-12-10 09:52:31] [INFO] Retrieving installed modules.
[2025-12-10 09:52:36] [INFO] PowerShell Modules updates completed.
[2025-12-10 09:52:36] [INFO] Starting Scoop and its packages updates.
[2025-12-10 09:53:25] [INFO] Scoop and its packages updates completed.
[2025-12-10 10:54:48] [INFO] Starting WSL updates.
[2025-12-10 10:54:48] [INFO] Updating WSL kernel.
[2025-12-10 10:54:48] [DEBUG] Executing: wsl --update --web-download
[2025-12-10 10:54:49] [INFO] Command succeeded: wsl --update --web-download
[2025-12-10 10:54:49] [INFO] Shutting down WSL.
[2025-12-10 10:54:49] [DEBUG] Executing: wsl --shutdown
[2025-12-10 10:54:49] [INFO] Command succeeded: wsl --shutdown
[2025-12-15 23:57:15] [INFO] Starting PowerShell Modules updates.
[2025-12-15 23:57:15] [INFO] Retrieving installed modules.
[2025-12-15 23:57:16] [INFO] PowerShell Modules updates completed.
[2025-12-15 23:57:16] [INFO] Starting Scoop and its packages updates.
[2025-12-15 23:57:31] [INFO] Scoop and its packages updates completed.
[2025-12-16 00:08:11] [INFO] Starting WSL updates.
[2025-12-16 00:08:11] [INFO] Updating WSL kernel.
[2025-12-16 00:08:11] [DEBUG] Executing: wsl --update --web-download
[2025-12-16 00:08:11] [INFO] Command succeeded: wsl --update --web-download
[2025-12-16 00:08:11] [INFO] Shutting down WSL.
[2025-12-16 00:08:11] [DEBUG] Executing: wsl --shutdown
[2025-12-16 00:08:17] [INFO] Command succeeded: wsl --shutdown
[2025-12-19 14:45:45] [INFO] Starting PowerShell Modules updates.
[2025-12-19 14:45:45] [INFO] Retrieving installed modules.
[2025-12-19 14:45:48] [INFO] PowerShell Modules updates completed.
[2025-12-19 14:45:48] [INFO] Starting Scoop and its packages updates.
[2025-12-19 14:46:19] [INFO] Scoop and its packages updates completed.
[2026-01-08 19:42:20] [INFO] Starting PowerShell Modules updates.
[2026-01-08 19:42:20] [INFO] Retrieving installed modules.
[2026-01-08 19:42:23] [INFO] PowerShell Modules updates completed.
[2026-01-08 19:42:23] [INFO] Starting Scoop and its packages updates.
[2026-01-08 19:43:45] [INFO] Scoop and its packages updates completed.
[2026-01-08 20:54:32] [INFO] Starting WSL updates.
[2026-01-08 20:54:32] [INFO] Updating WSL kernel.
[2026-01-08 20:54:32] [DEBUG] Executing: wsl --update --web-download
[2026-01-08 20:56:11] [INFO] Command succeeded: wsl --update --web-download
[2026-01-08 20:56:11] [INFO] Shutting down WSL.
[2026-01-08 20:56:11] [DEBUG] Executing: wsl --shutdown
[2026-01-08 20:56:12] [INFO] Command succeeded: wsl --shutdown
[2026-01-09 13:26:36] [INFO] Starting PowerShell Modules updates.
[2026-01-09 13:26:37] [INFO] Retrieving installed modules.
[2026-01-09 13:26:40] [INFO] PowerShell Modules updates completed.
[2026-01-09 13:26:40] [INFO] Starting Scoop and its packages updates.
[2026-01-09 13:27:08] [INFO] Scoop and its packages updates completed.
[2026-01-09 13:42:08] [INFO] Starting WSL updates.
[2026-01-09 13:42:08] [INFO] Updating WSL kernel.
[2026-01-09 13:42:08] [DEBUG] Executing: wsl --update --web-download
[2026-01-09 13:42:08] [INFO] Command succeeded: wsl --update --web-download
[2026-01-09 13:42:08] [INFO] Shutting down WSL.
[2026-01-09 13:42:08] [DEBUG] Executing: wsl --shutdown
[2026-01-09 13:42:08] [INFO] Command succeeded: wsl --shutdown
[2026-01-10 19:16:14] [INFO] Starting PowerShell Modules updates.
[2026-01-10 19:16:14] [INFO] Retrieving installed modules.
[2026-01-10 19:16:16] [INFO] PowerShell Modules updates completed.
[2026-01-10 19:16:16] [INFO] Starting Scoop and its packages updates.
[2026-01-10 19:16:33] [INFO] Scoop and its packages updates completed.
[2026-01-10 19:34:46] [INFO] Starting WSL updates.
[2026-01-10 19:34:46] [INFO] Updating WSL kernel.
[2026-01-10 19:34:46] [DEBUG] Executing: wsl --update --web-download
[2026-01-10 19:34:46] [INFO] Command succeeded: wsl --update --web-download
[2026-01-10 19:34:46] [INFO] Shutting down WSL.
[2026-01-10 19:34:46] [DEBUG] Executing: wsl --shutdown
[2026-01-10 19:34:46] [INFO] Command succeeded: wsl --shutdown
[2026-01-20 09:09:18] [INFO] Starting PowerShell Modules updates.
[2026-01-20 09:09:18] [INFO] Retrieving installed modules.
[2026-01-20 09:09:26] [INFO] PowerShell Modules updates completed.
[2026-01-20 09:09:26] [INFO] Starting Scoop and its packages updates.
[2026-01-20 09:12:11] [INFO] Scoop and its packages updates completed.
[2026-01-20 10:55:38] [INFO] Starting update script.
[2026-01-20 10:55:49] [INFO] Starting update script.
[2026-01-22 11:50:14] [INFO] Starting PowerShell Modules updates.
[2026-01-22 11:50:14] [INFO] Retrieving installed modules.
[2026-01-22 11:50:16] [INFO] PowerShell Modules updates completed.
[2026-01-22 11:50:16] [INFO] Starting Scoop and its packages updates.
[2026-01-22 11:50:28] [DEBUG] Executing scoop update (attempt 1 of 3)
[2026-01-22 11:50:45] [INFO] scoop update succeeded.
[2026-01-22 11:50:45] [DEBUG] Executing scoop update * (attempt 1 of 3)
[2026-01-22 11:51:25] [INFO] scoop update * succeeded.
[2026-01-22 11:51:25] [INFO] Scoop and its packages updates completed.
[2026-01-22 11:51:25] [INFO] Starting Winget & Microsoft Store apps updates.
[2026-01-22 11:51:32] [DEBUG] Executing winget upgrade --all (attempt 1 of 3)
[2026-01-22 12:34:03] [WARN] winget upgrade --all failed with exit code -1978335188 (attempt 1)
[2026-01-22 12:34:08] [DEBUG] Executing winget upgrade --all (attempt 2 of 3)
[2026-01-22 12:38:34] [WARN] winget upgrade --all failed with exit code -1978335188 (attempt 2)
[2026-01-22 12:38:39] [DEBUG] Executing winget upgrade --all (attempt 3 of 3)
[2026-01-22 12:46:19] [WARN] winget upgrade --all failed with exit code -1978335188 (attempt 3)
[2026-01-22 12:46:19] [ERROR] winget upgrade --all failed after 3 attempts.
[2026-01-22 12:46:19] [INFO] Winget & Microsoft Store apps updates completed.
[2026-01-22 12:46:19] [INFO] Starting Visual Studio Code Extensions updates.
[2026-01-22 12:46:40] [INFO] Visual Studio Code Extensions updates completed.
[2026-01-22 12:46:40] [INFO] Starting Miniconda and 'ocr-azure' environment updates.
[2026-01-22 12:46:40] [DEBUG] Executing conda update -n base (attempt 1 of 3)
[2026-01-22 12:46:51] [INFO] conda update -n base succeeded.
[2026-01-22 12:46:52] [DEBUG] Executing conda update -n ocr-azure (attempt 1 of 3)
[2026-01-22 12:47:02] [INFO] conda update -n ocr-azure succeeded.
[2026-01-22 12:47:02] [INFO] Miniconda and 'ocr-azure' environment updates completed.
[2026-01-22 12:47:02] [INFO] Starting TeX Live updates.
[2026-01-22 12:47:02] [DEBUG] Executing tlmgr update --self --all (attempt 1 of 3)
[2026-01-22 12:59:37] [INFO] Starting PowerShell Modules updates.
[2026-01-22 12:59:37] [INFO] Retrieving installed modules.
[2026-01-22 12:59:38] [INFO] PowerShell Modules updates completed.
[2026-01-22 12:59:38] [INFO] Starting Scoop and its packages updates.
[2026-01-22 12:59:44] [DEBUG] Executing scoop update (attempt 1 of 3)
[2026-01-22 12:59:51] [INFO] scoop update succeeded.
[2026-01-22 12:59:51] [DEBUG] Executing scoop update * (attempt 1 of 3)
[2026-01-22 12:59:51] [INFO] scoop update * succeeded.
[2026-01-22 12:59:51] [INFO] Scoop and its packages updates completed.
[2026-01-22 12:59:51] [INFO] Starting Winget & Microsoft Store apps updates.
[2026-01-22 12:59:54] [DEBUG] Executing winget upgrade --all (attempt 1 of 3)
[2026-01-22 13:06:17] [WARN] winget upgrade --all failed with exit code -1978335188 (attempt 1)
[2026-01-22 13:06:22] [DEBUG] Executing winget upgrade --all (attempt 2 of 3)
[2026-01-22 13:06:47] [WARN] winget upgrade --all failed with exit code -1978335188 (attempt 2)
[2026-01-22 13:06:52] [DEBUG] Executing winget upgrade --all (attempt 3 of 3)
[2026-01-22 13:07:28] [WARN] winget upgrade --all failed with exit code -1978335188 (attempt 3)
[2026-01-22 13:07:28] [ERROR] winget upgrade --all failed after 3 attempts.
[2026-01-22 13:07:28] [INFO] Winget & Microsoft Store apps updates completed.
[2026-01-22 13:07:28] [INFO] Starting Visual Studio Code Extensions updates.
[2026-01-22 13:07:49] [INFO] Visual Studio Code Extensions updates completed.
[2026-01-22 13:07:49] [INFO] Starting Miniconda and 'ocr-azure' environment updates.
[2026-01-22 13:07:49] [DEBUG] Executing conda update -n base (attempt 1 of 3)
[2026-01-22 13:08:04] [INFO] conda update -n base succeeded.
[2026-01-22 13:08:05] [DEBUG] Executing conda update -n ocr-azure (attempt 1 of 3)
[2026-01-22 13:08:08] [INFO] conda update -n ocr-azure succeeded.
[2026-01-22 13:08:08] [INFO] Miniconda and 'ocr-azure' environment updates completed.
[2026-01-22 13:08:08] [INFO] Starting TeX Live updates.
[2026-01-22 13:08:08] [DEBUG] Executing tlmgr update --self --all (attempt 1 of 3)
[2026-01-22 13:10:08] [INFO] tlmgr update --self --all succeeded.
[2026-01-22 13:10:08] [INFO] TeX Live updates completed.
[2026-01-22 13:10:08] [INFO] Starting Windows Subsystem for Linux (WSL) updates.
[2026-01-22 13:10:09] [INFO] Starting WSL updates.
[2026-01-22 13:10:09] [INFO] Updating WSL kernel.
[2026-01-22 13:10:09] [DEBUG] Executing: wsl --update --web-download
[2026-01-22 13:10:09] [INFO] Command succeeded: wsl --update --web-download
[2026-01-22 13:10:09] [INFO] Shutting down WSL.
[2026-01-22 13:10:09] [DEBUG] Executing: wsl --shutdown
[2026-01-22 13:10:16] [INFO] Command succeeded: wsl --shutdown
[2026-01-22 13:10:21] [INFO] Windows Subsystem for Linux (WSL) updates completed.
[2026-01-22 13:10:21] [INFO] Starting npm (Node Package Manager) Packages updates.
[2026-01-22 13:11:08] [INFO] npm (Node Package Manager) Packages updates completed.
[2026-01-22 13:11:08] [ERROR] Script completed with failures.
[2026-02-06 16:57:24] [INFO] Starting PowerShell Modules updates.
[2026-02-06 16:57:24] [INFO] Retrieving installed modules.
[2026-02-06 16:57:34] [INFO] PowerShell Modules updates completed.
[2026-02-06 16:57:35] [INFO] Starting Scoop and its packages updates.
[2026-02-06 16:59:01] [DEBUG] Executing scoop update (attempt 1 of 3)
[2026-02-06 16:59:54] [INFO] scoop update succeeded.
[2026-02-06 16:59:54] [DEBUG] Executing scoop update * (attempt 1 of 3)
[2026-02-06 17:04:33] [INFO] scoop update * succeeded.
[2026-02-06 17:04:33] [INFO] Scoop and its packages updates completed.
[2026-02-06 17:04:33] [INFO] Starting Winget & Microsoft Store apps updates.
[2026-02-06 17:04:47] [DEBUG] Executing winget upgrade --all (attempt 1 of 3)
[2026-02-06 17:41:33] [WARN] winget upgrade --all failed with exit code -2147467260 (attempt 1)
[2026-02-06 17:41:38] [DEBUG] Executing winget upgrade --all (attempt 2 of 3)
[2026-02-06 18:06:26] [INFO] winget upgrade --all succeeded.
[2026-02-06 18:06:26] [INFO] Winget & Microsoft Store apps updates completed.
[2026-02-06 18:06:26] [INFO] Starting Visual Studio Code Extensions updates.
[2026-02-06 18:06:47] [INFO] Visual Studio Code Extensions updates completed.
[2026-02-06 18:06:47] [INFO] Starting Miniconda and 'ocr-azure' environment updates.
[2026-02-06 18:06:47] [DEBUG] Executing conda update -n base (attempt 1 of 3)
[2026-02-06 18:07:28] [INFO] conda update -n base succeeded.
[2026-02-06 18:07:29] [DEBUG] Executing conda update -n ocr-azure (attempt 1 of 3)
[2026-02-06 18:08:03] [INFO] conda update -n ocr-azure succeeded.
[2026-02-06 18:08:03] [INFO] Miniconda and 'ocr-azure' environment updates completed.
[2026-02-06 18:08:03] [INFO] Starting TeX Live updates.
[2026-02-06 18:08:03] [DEBUG] Executing tlmgr update --self --all (attempt 1 of 3)
[2026-02-06 18:26:56] [INFO] tlmgr update --self --all succeeded.
[2026-02-06 18:26:56] [INFO] TeX Live updates completed.
[2026-02-06 18:26:56] [INFO] Starting Windows Subsystem for Linux (WSL) updates.
[2026-02-06 18:26:56] [INFO] Starting WSL updates.
[2026-02-06 18:26:56] [INFO] Updating WSL kernel.
[2026-02-06 18:26:56] [DEBUG] Executing: wsl --update --web-download
[2026-02-06 18:26:57] [INFO] Command succeeded: wsl --update --web-download
[2026-02-06 18:26:57] [INFO] Shutting down WSL.
[2026-02-06 18:26:57] [DEBUG] Executing: wsl --shutdown
[2026-02-06 18:27:03] [INFO] Command succeeded: wsl --shutdown
[2026-02-06 18:27:08] [INFO] Windows Subsystem for Linux (WSL) updates completed.
[2026-02-06 18:27:08] [INFO] Starting npm (Node Package Manager) Packages updates.
[2026-02-06 18:27:34] [INFO] npm (Node Package Manager) Packages updates completed.
[2026-02-06 18:27:34] [ERROR] Script completed with failures.
[2026-02-14 12:23:52] [INFO] Starting PowerShell Modules updates.
[2026-02-14 12:23:52] [INFO] Retrieving installed modules.
[2026-02-14 12:23:54] [INFO] PowerShell Modules updates completed.
[2026-02-14 12:23:54] [INFO] Starting Scoop and its packages updates.
[2026-02-14 12:24:00] [DEBUG] Executing scoop update (attempt 1 of 3)
[2026-02-14 12:24:14] [INFO] scoop update succeeded.
[2026-02-14 12:24:14] [DEBUG] Executing scoop update * (attempt 1 of 3)
[2026-02-14 12:25:35] [INFO] scoop update * succeeded.
[2026-02-14 12:25:35] [INFO] Scoop and its packages updates completed.
[2026-02-14 12:25:35] [INFO] Starting Winget & Microsoft Store apps updates.
[2026-02-14 12:25:39] [DEBUG] Executing winget upgrade --all (attempt 1 of 3)
[2026-02-14 12:33:32] [INFO] Starting update script.
[2026-02-14 12:33:38] [INFO] Starting update script.
[2026-02-14 12:34:34] [INFO] Starting update script.
[2026-02-14 12:34:38] [INFO] Starting update script.
[2026-02-14 12:34:38] [INFO] Starting PowerShell Modules updates.
[2026-02-14 12:34:38] [INFO] Retrieving installed modules.
[2026-02-14 12:34:40] [INFO] PowerShell Modules updates completed.
[2026-02-14 12:34:40] [INFO] Starting Scoop and its packages updates.
[2026-02-14 12:34:43] [DEBUG] Executing scoop update (attempt 1 of 3)
[2026-02-14 12:34:46] [INFO] scoop update succeeded.
[2026-02-14 12:34:46] [INFO] Scoop and its packages updates completed.
[2026-02-14 12:34:46] [INFO] Starting Winget & Microsoft Store apps updates.
[2026-02-14 12:46:47] [WARN] winget upgrade --all exited with code -1978335188
[2026-02-14 12:46:47] [INFO] Winget & Microsoft Store apps updates completed.
[2026-02-14 12:46:47] [INFO] Starting Visual Studio Code Extensions updates.
[2026-02-14 12:47:20] [INFO] Visual Studio Code Extensions updates completed.
[2026-02-14 12:47:20] [INFO] Starting Miniconda and 'ocr-azure' environment updates.
[2026-02-14 12:47:20] [DEBUG] Executing conda update -n base (attempt 1 of 3)
[2026-02-14 12:47:36] [INFO] conda update -n base succeeded.
[2026-02-14 12:47:38] [DEBUG] Executing conda update -n ocr-azure (attempt 1 of 3)
[2026-02-14 12:48:01] [INFO] conda update -n ocr-azure succeeded.
[2026-02-14 12:48:01] [INFO] Miniconda and 'ocr-azure' environment updates completed.
[2026-02-14 12:48:01] [INFO] Starting TeX Live updates.
[2026-02-14 12:48:01] [DEBUG] Executing tlmgr update --self --all (attempt 1 of 3)
[2026-02-16 12:56:28] [INFO] Starting PowerShell Modules updates.
[2026-02-16 12:56:28] [INFO] Retrieving installed modules.
[2026-02-16 12:56:30] [INFO] PowerShell Modules updates completed.
[2026-02-16 12:56:30] [INFO] Starting Scoop and its packages updates.
[2026-02-16 12:56:35] [DEBUG] Executing scoop update (attempt 1 of 3)
[2026-02-16 12:56:57] [INFO] scoop update succeeded.
[2026-02-16 12:57:33] [INFO] Scoop and its packages updates completed.
[2026-02-16 12:57:33] [INFO] Starting Winget & Microsoft Store apps updates.
[2026-02-16 12:59:47] [INFO] Starting update script.
[2026-02-16 12:59:52] [INFO] Starting update script.
[2026-02-16 13:03:58] [INFO] Starting PowerShell Modules updates.
[2026-02-16 13:03:58] [INFO] Retrieving installed modules.
[2026-02-16 13:03:59] [INFO] PowerShell Modules updates completed.
[2026-02-16 13:03:59] [INFO] Starting Scoop and its packages updates.
[2026-02-16 13:04:02] [DEBUG] Executing scoop update (attempt 1 of 3)
[2026-02-16 13:04:05] [INFO] scoop update succeeded.
[2026-02-16 13:04:05] [INFO] Scoop and its packages updates completed.
[2026-02-16 13:04:05] [INFO] Starting Winget & Microsoft Store apps updates.
[2026-02-16 13:17:50] [WARN] winget upgrade --all exited with code -1978335188
[2026-02-16 13:17:50] [INFO] Winget & Microsoft Store apps updates completed.
[2026-02-16 13:17:50] [INFO] Starting Visual Studio Code Extensions updates.
[2026-02-16 13:18:08] [INFO] Visual Studio Code Extensions updates completed.
[2026-02-16 13:18:08] [INFO] Starting Miniconda and 'ocr-azure' environment updates.
[2026-02-16 13:18:08] [DEBUG] Executing conda update -n base (attempt 1 of 3)
[2026-02-16 13:18:17] [INFO] conda update -n base succeeded.
[2026-02-16 13:18:18] [DEBUG] Executing conda update -n ocr-azure (attempt 1 of 3)
[2026-02-16 13:18:21] [INFO] conda update -n ocr-azure succeeded.
[2026-02-16 13:18:21] [INFO] Miniconda and 'ocr-azure' environment updates completed.
[2026-02-16 13:18:21] [INFO] Starting TeX Live updates.
[2026-02-16 13:18:21] [DEBUG] Executing tlmgr update --self --all (attempt 1 of 3)
[2026-02-16 13:37:25] [INFO] Starting PowerShell Modules updates.
[2026-02-16 13:37:25] [INFO] Retrieving installed modules.
[2026-02-16 13:37:27] [INFO] PowerShell Modules updates completed.
[2026-02-16 13:37:27] [INFO] Starting Scoop and its packages updates.
[2026-02-16 13:37:32] [DEBUG] Executing scoop update (attempt 1 of 3)
[2026-02-16 13:37:40] [INFO] scoop update succeeded.
[2026-02-16 13:37:41] [INFO] Scoop and its packages updates completed.
[2026-02-16 13:37:41] [INFO] Starting Winget & Microsoft Store apps updates.
[2026-02-16 13:38:11] [WARN] winget upgrade --all exited with code -1978335188
[2026-02-16 13:38:11] [INFO] Winget & Microsoft Store apps updates completed.
[2026-02-16 13:38:11] [INFO] Starting Visual Studio Code Extensions updates.
[2026-02-16 13:38:29] [INFO] Visual Studio Code Extensions updates completed.
[2026-02-16 13:38:29] [INFO] Starting Miniconda and 'ocr-azure' environment updates.
[2026-02-16 13:38:29] [DEBUG] Executing conda update -n base (attempt 1 of 3)
[2026-02-16 13:38:42] [INFO] conda update -n base succeeded.
[2026-02-16 13:38:43] [DEBUG] Executing conda update -n ocr-azure (attempt 1 of 3)
[2026-02-16 13:38:47] [INFO] conda update -n ocr-azure succeeded.
[2026-02-16 13:38:47] [INFO] Miniconda and 'ocr-azure' environment updates completed.
[2026-02-16 13:38:47] [INFO] Starting TeX Live updates.
[2026-02-16 13:38:47] [DEBUG] Executing tlmgr update --self --all (attempt 1 of 3)
[2026-02-16 14:31:07] [INFO] tlmgr update --self --all succeeded.
[2026-02-16 14:31:07] [INFO] TeX Live updates completed.
[2026-02-16 14:31:07] [INFO] Starting Windows Subsystem for Linux (WSL) updates.
[2026-02-16 14:31:07] [INFO] Starting WSL updates.
[2026-02-16 14:31:07] [INFO] Updating WSL kernel.
[2026-02-16 14:31:07] [DEBUG] Executing wsl --update (attempt 1 of 3)
[2026-02-16 14:31:07] [INFO] wsl --update succeeded.
[2026-02-16 14:31:07] [INFO] Shutting down WSL.
[2026-02-16 14:31:07] [DEBUG] Executing wsl --shutdown (attempt 1 of 1)
[2026-02-16 14:31:07] [INFO] wsl --shutdown succeeded.
[2026-02-16 14:31:13] [INFO] Windows Subsystem for Linux (WSL) updates completed.
[2026-02-16 14:31:13] [INFO] Starting npm (Node Package Manager) Packages updates.
[2026-02-16 14:31:41] [INFO] npm (Node Package Manager) Packages updates completed.
[2026-02-16 14:31:41] [ERROR] Script completed with failures.
[2026-02-19 18:52:21] [INFO] Starting PowerShell Modules updates.
[2026-02-19 18:52:21] [INFO] Retrieving installed modules.
[2026-02-19 18:52:23] [INFO] PowerShell Modules updates completed.
[2026-02-19 18:52:23] [INFO] Starting Scoop and its packages updates.
[2026-02-19 18:52:28] [DEBUG] Executing scoop update (attempt 1 of 3)
[2026-02-19 18:52:34] [INFO] scoop update succeeded.
[2026-02-19 18:53:04] [INFO] Scoop and its packages updates completed.
[2026-02-19 18:53:04] [INFO] Starting Winget & Microsoft Store apps updates.
[2026-02-19 19:02:22] [INFO] Winget & Microsoft Store apps updates completed.
[2026-02-19 19:02:22] [INFO] Starting Visual Studio Code Extensions updates.
[2026-02-19 19:03:51] [INFO] Visual Studio Code Extensions updates completed.
[2026-02-19 19:03:51] [INFO] Starting Miniconda and 'ocr-azure' environment updates.
[2026-02-19 19:03:51] [DEBUG] Executing conda update -n base (attempt 1 of 3)
[2026-02-19 19:04:06] [INFO] conda update -n base succeeded.
[2026-02-19 19:04:07] [DEBUG] Executing conda update -n ocr-azure (attempt 1 of 3)
[2026-02-19 19:04:09] [INFO] conda update -n ocr-azure succeeded.
[2026-02-19 19:04:09] [INFO] Miniconda and 'ocr-azure' environment updates completed.
[2026-02-19 19:04:09] [INFO] Starting TeX Live updates.
[2026-02-19 19:04:10] [DEBUG] Executing tlmgr update --self --all (attempt 1 of 3)
[2026-02-19 19:08:10] [INFO] tlmgr update --self --all succeeded.
[2026-02-19 19:08:10] [INFO] TeX Live updates completed.
[2026-02-19 19:08:10] [INFO] Starting Windows Subsystem for Linux (WSL) updates.
[2026-02-19 19:08:10] [INFO] Starting WSL updates.
[2026-02-19 19:08:10] [INFO] Updating WSL kernel.
[2026-02-19 19:08:10] [DEBUG] Executing wsl --update (attempt 1 of 3)
[2026-02-19 19:08:10] [INFO] wsl --update succeeded.
[2026-02-19 19:08:10] [INFO] Shutting down WSL.
[2026-02-19 19:08:10] [DEBUG] Executing wsl --shutdown (attempt 1 of 1)
[2026-02-19 19:08:10] [INFO] wsl --shutdown succeeded.
[2026-02-19 19:08:15] [INFO] Windows Subsystem for Linux (WSL) updates completed.
[2026-02-19 19:08:15] [INFO] Starting npm (Node Package Manager) Packages updates.
[2026-02-19 19:08:44] [INFO] npm (Node Package Manager) Packages updates completed.
[2026-02-19 19:08:44] [ERROR] Script completed with failures.
[2026-02-19 22:04:22] [INFO] Starting PowerShell Modules updates.
[2026-02-19 22:04:22] [INFO] Retrieving installed modules.
[2026-02-19 22:04:24] [INFO] PowerShell Modules updates completed.
[2026-02-19 22:04:24] [INFO] Starting Scoop and its packages updates.
[2026-02-19 22:04:34] [DEBUG] Executing scoop update (attempt 1 of 3)
[2026-02-19 22:04:54] [INFO] scoop update succeeded.
[2026-02-19 22:05:58] [INFO] Scoop and its packages updates completed.
[2026-02-19 22:05:58] [INFO] Starting Winget & Microsoft Store apps updates.
[2026-02-19 22:19:26] [INFO] Winget & Microsoft Store apps updates completed.
[2026-02-19 22:19:26] [INFO] Starting Visual Studio Code Extensions updates.
[2026-02-19 22:20:08] [INFO] Visual Studio Code Extensions updates completed.
[2026-02-19 22:20:08] [INFO] Starting Miniconda and 'ocr-azure' environment updates.
[2026-02-19 22:20:08] [DEBUG] Executing conda update -n base (attempt 1 of 3)
[2026-02-19 22:20:39] [INFO] conda update -n base succeeded.
[2026-02-19 22:20:42] [DEBUG] Executing conda update -n ocr-azure (attempt 1 of 3)
[2026-02-19 22:20:53] [INFO] conda update -n ocr-azure succeeded.
[2026-02-19 22:20:53] [INFO] Miniconda and 'ocr-azure' environment updates completed.
[2026-02-19 22:20:53] [INFO] Starting TeX Live updates.
[2026-02-19 22:20:53] [DEBUG] Executing tlmgr update --self --all (attempt 1 of 3)
[2026-02-19 22:21:18] [INFO] tlmgr update --self --all succeeded.
[2026-02-19 22:21:18] [INFO] TeX Live updates completed.
[2026-02-19 22:21:18] [INFO] Starting Windows Subsystem for Linux (WSL) updates.
[2026-02-19 22:21:18] [INFO] Starting WSL updates.
[2026-02-19 22:21:18] [INFO] Updating WSL kernel.
[2026-02-19 22:21:18] [DEBUG] Executing wsl --update (attempt 1 of 3)
[2026-02-19 22:21:18] [INFO] wsl --update succeeded.
[2026-02-19 22:21:18] [INFO] Shutting down WSL.
[2026-02-19 22:21:19] [DEBUG] Executing wsl --shutdown (attempt 1 of 1)
[2026-02-19 22:21:19] [INFO] wsl --shutdown succeeded.
[2026-02-19 22:21:28] [INFO] Windows Subsystem for Linux (WSL) updates completed.
[2026-02-19 22:21:28] [INFO] Starting npm (Node Package Manager) Packages updates.
[2026-02-19 22:21:36] [INFO] npm (Node Package Manager) Packages updates completed.
[2026-02-19 22:21:36] [ERROR] Script completed with failures.
[2026-02-21 10:54:58] [INFO] Starting PowerShell Modules updates.
[2026-02-21 10:54:58] [INFO] Retrieving installed modules.
[2026-02-21 10:55:00] [INFO] PowerShell Modules updates completed.
[2026-02-21 10:55:00] [INFO] Starting Scoop and its packages updates.
[2026-02-21 10:55:06] [DEBUG] Executing scoop update (attempt 1 of 3)
[2026-02-21 10:55:15] [INFO] scoop update succeeded.
[2026-02-21 10:55:52] [INFO] Scoop and its packages updates completed.
[2026-02-21 10:55:52] [INFO] Starting Winget & Microsoft Store apps updates.
[2026-02-21 11:04:59] [WARN] winget upgrade --all exited with code -1978335188
[2026-02-21 11:04:59] [INFO] Winget & Microsoft Store apps updates completed.
[2026-02-21 11:04:59] [INFO] Starting Visual Studio Code Extensions updates.
[2026-02-21 11:05:16] [INFO] Visual Studio Code Extensions updates completed.
[2026-02-21 11:05:16] [INFO] Starting Miniconda and 'ocr-azure' environment updates.
[2026-02-21 11:05:16] [DEBUG] Executing conda update -n base (attempt 1 of 3)
[2026-02-21 11:05:24] [INFO] conda update -n base succeeded.
[2026-02-21 11:05:25] [DEBUG] Executing conda update -n ocr-azure (attempt 1 of 3)
[2026-02-21 11:05:27] [INFO] conda update -n ocr-azure succeeded.
[2026-02-21 11:05:27] [INFO] Miniconda and 'ocr-azure' environment updates completed.
[2026-02-21 11:05:27] [INFO] Starting TeX Live updates.
[2026-02-21 11:05:27] [DEBUG] Executing tlmgr update --self --all (attempt 1 of 3)
[2026-02-21 11:17:31] [INFO] tlmgr update --self --all succeeded.
[2026-02-21 11:17:31] [INFO] TeX Live updates completed.
[2026-02-21 11:17:31] [INFO] Starting Windows Subsystem for Linux (WSL) updates.
[2026-02-21 11:17:31] [INFO] Starting WSL updates.
[2026-02-21 11:17:31] [INFO] Updating WSL kernel.
[2026-02-21 11:17:31] [DEBUG] Executing wsl --update (attempt 1 of 3)
[2026-02-21 11:17:31] [INFO] wsl --update succeeded.
[2026-02-21 11:17:31] [INFO] Shutting down WSL.
[2026-02-21 11:17:31] [DEBUG] Executing wsl --shutdown (attempt 1 of 1)
[2026-02-21 11:17:31] [INFO] wsl --shutdown succeeded.
[2026-02-21 11:17:35] [INFO] Windows Subsystem for Linux (WSL) updates completed.
[2026-02-21 11:17:35] [INFO] Starting npm (Node Package Manager) Packages updates.
[2026-02-21 11:18:09] [INFO] npm (Node Package Manager) Packages updates completed.
[2026-02-21 11:18:09] [ERROR] Script completed with failures.
[2026-02-23 09:59:06] [INFO] Starting PowerShell Modules updates.
[2026-02-23 09:59:06] [INFO] Retrieving installed modules.
[2026-02-23 09:59:10] [INFO] PowerShell Modules updates completed.
[2026-02-23 09:59:10] [INFO] Starting Scoop and its packages updates.
[2026-02-23 09:59:16] [DEBUG] Executing scoop update (attempt 1 of 3)
[2026-02-23 09:59:41] [INFO] scoop update succeeded.
[2026-02-23 09:59:43] [INFO] Scoop and its packages updates completed.
[2026-02-23 09:59:43] [INFO] Starting Winget & Microsoft Store apps updates.
[2026-02-23 10:11:09] [INFO] Starting update script.
